NO_MESSAGE_SEND
NO_MESSAGE_DELETE
NO_MESSAGE_EDIT
NO_CHANNEL_CREATE
NO_CHANNEL_DELETE
NO_CHANNEL_EDIT
NO_GROUP_CREATE
NO_GROUP_DELETE
NO_GROUP_EDIT
NOTFOUND